// Jest Snapshot v1, https://goo.gl/fbAQLP

exports[`Should withFormReview render correctly 1`] = `<div />`;
