// Jest Snapshot v1, https://goo.gl/fbAQLP

exports[`Should VideoPlayer render correctly 1`] = `
<video
  height={175}
  loop={true}
  muted={true}
  poster="https://assets.htmlacademy.ru/intensives/javascript-3/film/preview/bronson.jpg"
  preload="true"
  src="http://media.xiph.org/mango/tears_of_steel_1080p.webm"
  width={280}
/>
`;
