// Jest Snapshot v1, https://goo.gl/fbAQLP

exports[`Should withMovieTabs render correctly 1`] = `<div />`;
