// Jest Snapshot v1, https://goo.gl/fbAQLP

exports[`Should withMovieCard render correctly 1`] = `<div />`;
